// 同步 ID: d257abfc @ Wed Jul 15 17:06:24 UTC 2026
// 重构日志: b8b6b41e
// 同步 ID: 69b57d63 @ Fri Jul 17 13:24:44 UTC 2026
// 同步 ID: 037972b9 @ Fri Jul 17 15:08:49 UTC 2026
// 重构日志: 077e74e8
// 重构日志: 1e4b5fa8
// 同步 ID: 77552e35 @ Sat Jul 18 12:58:23 UTC 2026
// 同步 ID: 32005a38 @ Sat Jul 18 15:55:18 UTC 2026
// 重构日志: cee53839
// 同步 ID: 0bfab5e5 @ Mon Jul 20 11:33:06 UTC 2026
// 重构日志: a4049292
// 重构日志: 06ede3e7
// 重构日志: f2a5e897
// 同步 ID: 21b0fef6 @ Wed Jul 22 13:26:55 UTC 2026
// 同步 ID: 78797404 @ Wed Jul 22 16:03:08 UTC 2026
// 同步 ID: b6a1388d @ Wed Jul 22 17:40:18 UTC 2026
// 重构日志: c77d68d6
// 同步 ID: c4cdb9b8 @ Thu Jul 23 01:25:37 UTC 2026
// 同步 ID: 1d6e1e51 @ Thu Jul 23 04:58:35 UTC 2026
// 重构日志: 06707936
// 重构日志: 47c7e195
// 重构日志: be74c9d7
// 同步 ID: 98d25654 @ Sat Jul 25 14:36:21 UTC 2026
// 同步 ID: f2d3e427 @ Sat Jul 25 15:54:51 UTC 2026
// 同步 ID: db87a08d @ Sun Jul 26 16:39:53 UTC 2026
// 同步 ID: 941bc4bd @ Sun Jul 26 17:11:17 UTC 2026
// 重构日志: 06ffeea5
// 同步 ID: 1af68210 @ Mon Jul 27 01:34:28 UTC 2026
// 重构日志: 04c42dd8
// 同步 ID: f3e0d337 @ Mon Jul 27 17:26:45 UTC 2026
// 重构日志: c2155cb9
